<?xml version="1.0" encoding="utf-8"?>
<TestRun id="e45b5c78-39f3-4b9e-80df-e18e49bfd707" name="@3d5df56c77ea 2022-08-22 18:30:44" xmlns="http://microsoft.com/schemas/VisualStudio/TeamTest/2010">
  <Times creation="2022-08-22T18:30:44.3015934+00:00" queuing="2022-08-22T18:30:44.3015935+00:00" start="2022-08-22T18:30:43.4678605+00:00" finish="2022-08-22T18:30:44.3084755+00:00" />
  <TestSettings name="default" id="4270f1ae-7408-4fa5-9c3f-8a258b213c4a">
    <Deployment runDeploymentRoot="_3d5df56c77ea_2022-08-22_18_30_44" />
  </TestSettings>
  <Results>
    <UnitTestResult executionId="705f7896-311f-4201-9bef-13ee1558dd2a" testId="7db5907a-e8c2-fd08-f6cd-19fe4bb587d4" testName="Prime.UnitTests.Services.PrimeService_IsPrimeShould.IsPrime_ValuesLessThan2_ReturnFalse(value: 0)" computerName="3d5df56c77ea" duration="00:00:00.0003650" startTime="2022-08-22T18:30:44.2218573+00:00" endTime="2022-08-22T18:30:44.2218573+00:00" testType="13cdc9d9-ddb5-4fa4-a97d-d965ccfc6d4b" outcome="Failed" testListId="8c84fa94-04c1-424b-9868-57a2d4851a1d" relativeResultsDirectory="705f7896-311f-4201-9bef-13ee1558dd2a">
      <Output>
        <ErrorInfo>
          <Message>System.NotImplementedException : Not fully implemented.</Message>
          <StackTrace>   at Prime.Services.PrimeService.IsPrime(Int32 candidate) in /code/PrimeService/PrimeService.cs:line 13
   at Prime.UnitTests.Services.PrimeService_IsPrimeShould.IsPrime_ValuesLessThan2_ReturnFalse(Int32 value) in /code/PrimeService.Tests/PrimeService_IsPrimeShould.cs:line 21</StackTrace>
        </ErrorInfo>
      </Output>
    </UnitTestResult>
    <UnitTestResult executionId="c44e8280-53ae-4d5d-80e8-51d899831c9d" testId="6327b858-0fd0-99bb-d810-75db0e0aa61e" testName="Prime.UnitTests.Services.PrimeService_IsPrimeShould.IsPrime_ValuesLessThan2_ReturnFalse(value: -1)" computerName="3d5df56c77ea" duration="00:00:00.0001258" startTime="2022-08-22T18:30:44.2221796+00:00" endTime="2022-08-22T18:30:44.2221796+00:00" testType="13cdc9d9-ddb5-4fa4-a97d-d965ccfc6d4b" outcome="Failed" testListId="8c84fa94-04c1-424b-9868-57a2d4851a1d" relativeResultsDirectory="c44e8280-53ae-4d5d-80e8-51d899831c9d">
      <Output>
        <ErrorInfo>
          <Message>System.NotImplementedException : Not fully implemented.</Message>
          <StackTrace>   at Prime.Services.PrimeService.IsPrime(Int32 candidate) in /code/PrimeService/PrimeService.cs:line 13
   at Prime.UnitTests.Services.PrimeService_IsPrimeShould.IsPrime_ValuesLessThan2_ReturnFalse(Int32 value) in /code/PrimeService.Tests/PrimeService_IsPrimeShould.cs:line 21</StackTrace>
        </ErrorInfo>
      </Output>
    </UnitTestResult>
    <UnitTestResult executionId="698501cd-1c44-4bb5-9e84-cbf8910c7f3b" testId="13275956-a43c-df2e-7720-9ab6ac582129" testName="Prime.UnitTests.Services.PrimeService_IsPrimeShould.IsPrime_ValuesLessThan2_ReturnFalse(value: 1)" computerName="3d5df56c77ea" duration="00:00:00.0012949" startTime="2022-08-22T18:30:44.2061573+00:00" endTime="2022-08-22T18:30:44.2061732+00:00" testType="13cdc9d9-ddb5-4fa4-a97d-d965ccfc6d4b" outcome="Passed" testListId="8c84fa94-04c1-424b-9868-57a2d4851a1d" relativeResultsDirectory="698501cd-1c44-4bb5-9e84-cbf8910c7f3b" />
  </Results>
  <TestDefinitions>
    <UnitTest name="Prime.UnitTests.Services.PrimeService_IsPrimeShould.IsPrime_ValuesLessThan2_ReturnFalse(value: 0)" storage="/code/primeservice.tests/bin/debug/net6.0/primeservice.tests.dll" id="7db5907a-e8c2-fd08-f6cd-19fe4bb587d4">
      <Execution id="705f7896-311f-4201-9bef-13ee1558dd2a" />
      <TestMethod codeBase="/code/PrimeService.Tests/bin/Debug/net6.0/PrimeService.Tests.dll" adapterTypeName="executor://xunit/VsTestRunner2/netcoreapp" className="Prime.UnitTests.Services.PrimeService_IsPrimeShould" name="IsPrime_ValuesLessThan2_ReturnFalse" />
    </UnitTest>
    <UnitTest name="Prime.UnitTests.Services.PrimeService_IsPrimeShould.IsPrime_ValuesLessThan2_ReturnFalse(value: -1)" storage="/code/primeservice.tests/bin/debug/net6.0/primeservice.tests.dll" id="6327b858-0fd0-99bb-d810-75db0e0aa61e">
      <Execution id="c44e8280-53ae-4d5d-80e8-51d899831c9d" />
      <TestMethod codeBase="/code/PrimeService.Tests/bin/Debug/net6.0/PrimeService.Tests.dll" adapterTypeName="executor://xunit/VsTestRunner2/netcoreapp" className="Prime.UnitTests.Services.PrimeService_IsPrimeShould" name="IsPrime_ValuesLessThan2_ReturnFalse" />
    </UnitTest>
    <UnitTest name="Prime.UnitTests.Services.PrimeService_IsPrimeShould.IsPrime_ValuesLessThan2_ReturnFalse(value: 1)" storage="/code/primeservice.tests/bin/debug/net6.0/primeservice.tests.dll" id="13275956-a43c-df2e-7720-9ab6ac582129">
      <Execution id="698501cd-1c44-4bb5-9e84-cbf8910c7f3b" />
      <TestMethod codeBase="/code/PrimeService.Tests/bin/Debug/net6.0/PrimeService.Tests.dll" adapterTypeName="executor://xunit/VsTestRunner2/netcoreapp" className="Prime.UnitTests.Services.PrimeService_IsPrimeShould" name="IsPrime_ValuesLessThan2_ReturnFalse" />
    </UnitTest>
  </TestDefinitions>
  <TestEntries>
    <TestEntry testId="7db5907a-e8c2-fd08-f6cd-19fe4bb587d4" executionId="705f7896-311f-4201-9bef-13ee1558dd2a" testListId="8c84fa94-04c1-424b-9868-57a2d4851a1d" />
    <TestEntry testId="6327b858-0fd0-99bb-d810-75db0e0aa61e" executionId="c44e8280-53ae-4d5d-80e8-51d899831c9d" testListId="8c84fa94-04c1-424b-9868-57a2d4851a1d" />
    <TestEntry testId="13275956-a43c-df2e-7720-9ab6ac582129" executionId="698501cd-1c44-4bb5-9e84-cbf8910c7f3b" testListId="8c84fa94-04c1-424b-9868-57a2d4851a1d" />
  </TestEntries>
  <TestLists>
    <TestList name="Results Not in a List" id="8c84fa94-04c1-424b-9868-57a2d4851a1d" />
    <TestList name="All Loaded Results" id="19431567-8539-422a-85d7-44ee4e166bda" />
  </TestLists>
  <ResultSummary outcome="Failed">
    <Counters total="3" executed="3" passed="1" failed="2" error="0" timeout="0" aborted="0" inconclusive="0" passedButRunAborted="0" notRunnable="0" notExecuted="0" disconnected="0" warning="0" completed="0" inProgress="0" pending="0" />
    <Output>
      <StdOut>[xUnit.net 00:00:00.00] xUnit.net VSTest Adapter v2.4.3+1b45f5407b (64-bit .NET 6.0.8)
[xUnit.net 00:00:00.29]   Discovering: PrimeService.Tests
[xUnit.net 00:00:00.33]   Discovered:  PrimeService.Tests
[xUnit.net 00:00:00.33]   Starting:    PrimeService.Tests
[xUnit.net 00:00:00.38]       System.NotImplementedException : Not fully implemented.
[xUnit.net 00:00:00.38]       Stack Trace:
[xUnit.net 00:00:00.39]         /code/PrimeService/PrimeService.cs(13,0): at Prime.Services.PrimeService.IsPrime(Int32 candidate)
[xUnit.net 00:00:00.39]         /code/PrimeService.Tests/PrimeService_IsPrimeShould.cs(21,0): at Prime.UnitTests.Services.PrimeService_IsPrimeShould.IsPrime_ValuesLessThan2_ReturnFalse(Int32 value)
[xUnit.net 00:00:00.39]       System.NotImplementedException : Not fully implemented.
[xUnit.net 00:00:00.39]       Stack Trace:
[xUnit.net 00:00:00.39]         /code/PrimeService/PrimeService.cs(13,0): at Prime.Services.PrimeService.IsPrime(Int32 candidate)
[xUnit.net 00:00:00.39]         /code/PrimeService.Tests/PrimeService_IsPrimeShould.cs(21,0): at Prime.UnitTests.Services.PrimeService_IsPrimeShould.IsPrime_ValuesLessThan2_ReturnFalse(Int32 value)
[xUnit.net 00:00:00.39]   Finished:    PrimeService.Tests
</StdOut>
    </Output>
    <RunInfos>
      <RunInfo computerName="3d5df56c77ea" outcome="Error" timestamp="2022-08-22T18:30:44.2193952+00:00">
        <Text>[xUnit.net 00:00:00.38]     Prime.UnitTests.Services.PrimeService_IsPrimeShould.IsPrime_ValuesLessThan2_ReturnFalse(value: 0) [FAIL]</Text>
      </RunInfo>
      <RunInfo computerName="3d5df56c77ea" outcome="Error" timestamp="2022-08-22T18:30:44.2221687+00:00">
        <Text>[xUnit.net 00:00:00.39]     Prime.UnitTests.Services.PrimeService_IsPrimeShould.IsPrime_ValuesLessThan2_ReturnFalse(value: -1) [FAIL]</Text>
      </RunInfo>
    </RunInfos>
  </ResultSummary>
</TestRun>